../Core/Src/main.c:64:6:HAL_UART_RxCpltCallback	16	static
../Core/Src/main.c:79:6:PCA9685_SetBit	40	static
../Core/Src/main.c:89:6:PCA9685_SetPWMFrequency	40	static
../Core/Src/main.c:102:6:PCA9685_Init	16	static
../Core/Src/main.c:107:6:PCA9685_SetPWM	40	static
../Core/Src/main.c:119:6:PCA9685_SetServoAngle	24	static
../Core/Src/main.c:135:5:main	8	static
../Core/Src/main.c:270:6:SystemClock_Config	72	static
../Core/Src/main.c:310:13:MX_I2C1_Init	8	static
../Core/Src/main.c:344:13:MX_USART1_UART_Init	8	static
../Core/Src/main.c:377:13:MX_GPIO_Init	24	static
../Core/Src/main.c:399:6:Error_Handler	4	static,ignoring_inline_asm
